37655ms [CHO-DETAIL] [N4D0] [LteEnbNetDevice/LteHandoverAlgorithm/ConditionalHandoverAlgorithm/ChoDetailedEvent] Step1_MR_TxByUe UE-RNTI=1 | actor=UE action=TX message=MeasurementReport to=Source-gNB measId=1 servingRsrp=75 rawNeighborResultCount=1
37656ms [CHO-DETAIL] [N4D0] [LteEnbNetDevice/LteHandoverAlgorithm/ConditionalHandoverAlgorithm/ChoDetailedEvent] Step1_MR_RxBySource UE-RNTI=1 | actor=Source-gNB action=RX message=MeasurementReport from=UE measId=1 servingRsrp=75 rawNeighborResultCount=1
37656ms [CHO-DETAIL] [N4D0] [LteEnbNetDevice/LteHandoverAlgorithm/ConditionalHandoverAlgorithm/ChoDetailedEvent] Step1_MR_ProcessedBySource UE-RNTI=1 | actor=Source-gNB action=PROCESS message=MeasurementReport measId=1 hysteresisDb=0
37656ms [CHO-DETAIL] [N4D0] [LteEnbNetDevice/LteHandoverAlgorithm/ConditionalHandoverAlgorithm/ChoDetailedEvent] Step1_CandidateEvaluation UE-RNTI=1 | Candidate rejected: cellId=2 targetRsrp=75 condition=(target > serving+hyst) false
38679ms [CHO-DETAIL] [N4D0] [LteEnbNetDevice/LteHandoverAlgorithm/ConditionalHandoverAlgorithm/ChoDetailedEvent] Step1_MR_TxByUe UE-RNTI=1 | actor=UE action=TX message=MeasurementReport to=Source-gNB measId=1 servingRsrp=74 rawNeighborResultCount=2
38680ms [CHO-DETAIL] [N4D0] [LteEnbNetDevice/LteHandoverAlgorithm/ConditionalHandoverAlgorithm/ChoDetailedEvent] Step1_MR_RxBySource UE-RNTI=1 | actor=Source-gNB action=RX message=MeasurementReport from=UE measId=1 servingRsrp=74 rawNeighborResultCount=2
38680ms [CHO-DETAIL] [N4D0] [LteEnbNetDevice/LteHandoverAlgorithm/ConditionalHandoverAlgorithm/ChoDetailedEvent] Step1_MR_ProcessedBySource UE-RNTI=1 | actor=Source-gNB action=PROCESS message=MeasurementReport measId=1 hysteresisDb=0
38680ms [CHO-DETAIL] [N4D0] [LteEnbNetDevice/LteHandoverAlgorithm/ConditionalHandoverAlgorithm/ChoDetailedEvent] Step1_CandidateEvaluation UE-RNTI=1 | Candidate accepted: cellId=2 targetRsrp=76 condition=(target > serving+hyst) true
38680ms [CHO-DETAIL] [N4D0] [LteEnbNetDevice/LteHandoverAlgorithm/ConditionalHandoverAlgorithm/ChoDetailedEvent] Step1_CandidateEvaluation UE-RNTI=1 | Candidate accepted: cellId=3 targetRsrp=75 condition=(target > serving+hyst) true
38681ms [CHO-DETAIL] [N4D0] [LteEnbNetDevice/LteHandoverAlgorithm/ConditionalHandoverAlgorithm/ChoDetailedEvent] Step2_ChoDecisionCompleted UE-RNTI=1 | actor=Source-gNB action=PROCESS stage=ChoDecision decisionDoneAtMs=38681 decisionDurationMs=1 candidates=[{cellId=2,rsrp=76},{cellId=3,rsrp=75}] selectedTargetCellId=2
38681ms [CHO-DETAIL] [N4D0] [LteEnbNetDevice/LteHandoverAlgorithm/ConditionalHandoverAlgorithm/ChoDetailedEvent] Step2_HoReq_TxBySource UE-RNTI=1 | actor=Source-gNB action=TX message=HoPreparationRequest toCandidates=[{cellId=2,rsrp=76},{cellId=3,rsrp=75}] targetReceiveTimes=[{cellId=2,rxMs=38682},{cellId=3,rxMs=38682}]
38682ms [CHO-DETAIL] [N4D0] [LteEnbNetDevice/LteHandoverAlgorithm/ConditionalHandoverAlgorithm/ChoDetailedEvent] Step2_HoReq_RxByTarget UE-RNTI=1 | actor=Target-gNB(cellId=2) action=RX message=HoPreparationRequest from=Source-gNB
38690ms [CHO-DETAIL] [N4D0] [LteEnbNetDevice/LteHandoverAlgorithm/ConditionalHandoverAlgorithm/ChoDetailedEvent] Step2_AdmissionProcessedByTarget UE-RNTI=1 | actor=Target-gNB(cellId=2) action=PROCESS stage=AdmissionControl startAtMs=38682 doneAtMs=38690
38690ms [CHO-DETAIL] [N4D0] [LteEnbNetDevice/LteHandoverAlgorithm/ConditionalHandoverAlgorithm/ChoDetailedEvent] Step2_HoAck_TxByTarget UE-RNTI=1 | actor=Target-gNB(cellId=2) action=TX message=HoPreparationAck to=Source-gNB
38682ms [CHO-DETAIL] [N4D0] [LteEnbNetDevice/LteHandoverAlgorithm/ConditionalHandoverAlgorithm/ChoDetailedEvent] Step2_HoReq_RxByTarget UE-RNTI=1 | actor=Target-gNB(cellId=3) action=RX message=HoPreparationRequest from=Source-gNB
38691ms [CHO-DETAIL] [N4D0] [LteEnbNetDevice/LteHandoverAlgorithm/ConditionalHandoverAlgorithm/ChoDetailedEvent] Step2_AdmissionProcessedByTarget UE-RNTI=1 | actor=Target-gNB(cellId=3) action=PROCESS stage=AdmissionControl startAtMs=38682 doneAtMs=38691
38691ms [CHO-DETAIL] [N4D0] [LteEnbNetDevice/LteHandoverAlgorithm/ConditionalHandoverAlgorithm/ChoDetailedEvent] Step2_HoAck_TxByTarget UE-RNTI=1 | actor=Target-gNB(cellId=3) action=TX message=HoPreparationAck to=Source-gNB
38692ms [CHO-DETAIL] [N4D0] [LteEnbNetDevice/LteHandoverAlgorithm/ConditionalHandoverAlgorithm/ChoDetailedEvent] Step2_AdmissionControlAndAck UE-RNTI=1 | actor=Source-gNB action=RX message=HoPreparationAck(allCandidates) allAckReceivedAtMs=38692ms perTargetAckTimeline=[{cellId=2,hoReqRxMs=38682,admissionDoneMs=38690,ackTxMs=38690,ackRxMs=38691},{cellId=3,hoReqRxMs=38682,admissionDoneMs=38691,ackTxMs=38691,ackRxMs=38692}]
38692ms [CHO-DETAIL] [N4D0] [LteEnbNetDevice/LteHandoverAlgorithm/ConditionalHandoverAlgorithm/ChoDetailedEvent] Step3_RrcReconfigCho_TxBySource UE-RNTI=1 | actor=Source-gNB action=TX message=RrcReconfiguration(CHO) to=UE payloadCandidates=[{cellId=2,rsrp=76},{cellId=3,rsrp=75}] selectedTargetCellId=2
38694ms [CHO-DETAIL] [N4D0] [LteEnbNetDevice/LteHandoverAlgorithm/ConditionalHandoverAlgorithm/ChoDetailedEvent] Step3_RrcReconfigCho_RxByUe UE-RNTI=1 | actor=UE action=RX message=RrcReconfiguration(CHO) from=Source-gNB selectedTargetCellId=2
38694ms [CHO-DETAIL] [N4D0] [LteEnbNetDevice/LteHandoverAlgorithm/ConditionalHandoverAlgorithm/ChoDetailedEvent] Step3_RrcReconfigCho_ProcessedByUe UE-RNTI=1 | actor=UE action=PROCESS message=RrcReconfiguration(CHO)
38694ms [CHO-DETAIL] [N4D0] [LteEnbNetDevice/LteHandoverAlgorithm/ConditionalHandoverAlgorithm/ChoDetailedEvent] Step3_UeReceivedChoCommand UE-RNTI=1 | actor=UE action=STORE choContextAtMs=38694 candidates=[{cellId=2,rsrp=76},{cellId=3,rsrp=75}] executionMonitoring=STARTED
39703ms [CHO-DETAIL] [N4D0] [LteEnbNetDevice/LteHandoverAlgorithm/ConditionalHandoverAlgorithm/ChoDetailedEvent] Step1_MR_TxByUe UE-RNTI=1 | actor=UE action=TX message=MeasurementReport to=Source-gNB measId=1 servingRsrp=74 rawNeighborResultCount=3
39704ms [CHO-DETAIL] [N4D0] [LteEnbNetDevice/LteHandoverAlgorithm/ConditionalHandoverAlgorithm/ChoDetailedEvent] Step1_MR_RxBySource UE-RNTI=1 | actor=Source-gNB action=RX message=MeasurementReport from=UE measId=1 servingRsrp=74 rawNeighborResultCount=3
39704ms [CHO-DETAIL] [N4D0] [LteEnbNetDevice/LteHandoverAlgorithm/ConditionalHandoverAlgorithm/ChoDetailedEvent] Step1_MR_ProcessedBySource UE-RNTI=1 | actor=Source-gNB action=PROCESS message=MeasurementReport measId=1 hysteresisDb=0
39704ms [CHO-DETAIL] [N4D0] [LteEnbNetDevice/LteHandoverAlgorithm/ConditionalHandoverAlgorithm/ChoDetailedEvent] Step1_CandidateEvaluation UE-RNTI=1 | Candidate accepted: cellId=2 targetRsrp=77 condition=(target > serving+hyst) true
39704ms [CHO-DETAIL] [N4D0] [LteEnbNetDevice/LteHandoverAlgorithm/ConditionalHandoverAlgorithm/ChoDetailedEvent] Step1_CandidateEvaluation UE-RNTI=1 | Candidate accepted: cellId=3 targetRsrp=75 condition=(target > serving+hyst) true
39704ms [CHO-DETAIL] [N4D0] [LteEnbNetDevice/LteHandoverAlgorithm/ConditionalHandoverAlgorithm/ChoDetailedEvent] Step1_CandidateEvaluation UE-RNTI=1 | Candidate rejected: cellId=4 targetRsrp=74 condition=(target > serving+hyst) false
39704ms [CHO-DETAIL] [N4D0] [LteEnbNetDevice/LteHandoverAlgorithm/ConditionalHandoverAlgorithm/ChoDetailedEvent] Step3_ExecutionMonitoring UE-RNTI=1 | actor=UE action=PROCESS stage=ExecutionMonitoring bestTargetCellId=2 bestTargetRsrp=77 servingRsrp=74 hysteresisDb=0 condition=(bestTarget > serving+hyst)=true
39704ms [CHO-DETAIL] [N4D0] [LteEnbNetDevice/LteHandoverAlgorithm/ConditionalHandoverAlgorithm/ChoDetailedEvent] Step4_UeSelectionDecision UE-RNTI=1 | actor=UE action=PROCESS stage=ChoExecutionCondition conditionMetAtMs=39704 selectedTargetCellId=2 selectedTargetRsrp=77 servingRsrp=74 candidates=[{cellId=2,rsrp=77},{cellId=3,rsrp=75}]
39704ms [CHO-DETAIL] [N4D0] [LteEnbNetDevice/LteHandoverAlgorithm/ConditionalHandoverAlgorithm/ChoDetailedEvent] Step5_DetachServingCell UE-RNTI=1 | actor=UE action=DETACH from=ServingCell atMs=39704
39704ms [CHO-DETAIL] [N4D0] [LteEnbNetDevice/LteHandoverAlgorithm/ConditionalHandoverAlgorithm/ChoDetailedEvent] Step5_RA_Msg1Preamble_TxByUe UE-RNTI=1 | actor=UE action=TX message=RA-Msg1(Preamble) to=Target-gNB(cellId=2)
39705ms [CHO-DETAIL] [N4D0] [LteEnbNetDevice/LteHandoverAlgorithm/ConditionalHandoverAlgorithm/ChoDetailedEvent] Step5_RA_Msg1Preamble_RxByTarget UE-RNTI=1 | actor=Target-gNB(cellId=2) action=RX message=RA-Msg1(Preamble)
39706ms [CHO-DETAIL] [N4D0] [LteEnbNetDevice/LteHandoverAlgorithm/ConditionalHandoverAlgorithm/ChoDetailedEvent] Step5_RA_Msg2RAR_TxByTarget UE-RNTI=1 | actor=Target-gNB(cellId=2) action=TX message=RA-Msg2(RAR) to=UE
39707ms [CHO-DETAIL] [N4D0] [LteEnbNetDevice/LteHandoverAlgorithm/ConditionalHandoverAlgorithm/ChoDetailedEvent] Step5_RA_Msg2RAR_RxByUe UE-RNTI=1 | actor=UE action=RX message=RA-Msg2(RAR) from=Target-gNB(cellId=2)
39708ms [CHO-DETAIL] [N4D0] [LteEnbNetDevice/LteHandoverAlgorithm/ConditionalHandoverAlgorithm/ChoDetailedEvent] Step5_RA_Msg3Req_TxByUe UE-RNTI=1 | actor=UE action=TX message=RA-Msg3(Request) to=Target-gNB(cellId=2)
39709ms [CHO-DETAIL] [N4D0] [LteEnbNetDevice/LteHandoverAlgorithm/ConditionalHandoverAlgorithm/ChoDetailedEvent] Step5_RA_Msg3Req_RxByTarget UE-RNTI=1 | actor=Target-gNB(cellId=2) action=RX message=RA-Msg3(Request)
39710ms [CHO-DETAIL] [N4D0] [LteEnbNetDevice/LteHandoverAlgorithm/ConditionalHandoverAlgorithm/ChoDetailedEvent] Step5_RA_Msg4ContRes_TxByTarget UE-RNTI=1 | actor=Target-gNB(cellId=2) action=TX message=RA-Msg4(ContentionResolution) to=UE
39711ms [CHO-DETAIL] [N4D0] [LteEnbNetDevice/LteHandoverAlgorithm/ConditionalHandoverAlgorithm/ChoDetailedEvent] Step5_RA_Msg4ContRes_RxByUe UE-RNTI=1 | actor=UE action=RX message=RA-Msg4(ContentionResolution) from=Target-gNB(cellId=2)
39712ms [CHO-DETAIL] [N4D0] [LteEnbNetDevice/LteHandoverAlgorithm/ConditionalHandoverAlgorithm/ChoDetailedEvent] Step5_RA_RrcReconfigComplete_TxByUe UE-RNTI=1 | actor=UE action=TX message=RrcReconfigurationComplete to=Target-gNB(cellId=2)
39713ms [CHO-DETAIL] [N4D0] [LteEnbNetDevice/LteHandoverAlgorithm/ConditionalHandoverAlgorithm/ChoDetailedEvent] Step5_RA_RrcReconfigComplete_RxByTarget UE-RNTI=1 | actor=Target-gNB(cellId=2) action=RX message=RrcReconfigurationComplete
39704ms [CHO-DETAIL] [N4D0] [LteEnbNetDevice/LteHandoverAlgorithm/ConditionalHandoverAlgorithm/ChoDetailedEvent] Step5_RandomAccessStart UE-RNTI=1 | actor=UE action=PROCESS stage=RandomAccessTimeline startMs=39704 completeMs=39713
39713ms [CHO-DETAIL] [N4D0] [LteEnbNetDevice/LteHandoverAlgorithm/ConditionalHandoverAlgorithm/ChoDetailedEvent] Step5_RandomAccessComplete UE-RNTI=1 | actor=Target-gNB action=PROCESS message=RrcReconfigurationComplete result=RandomAccessCompleted atMs=39713
39713ms [CHO-DETAIL] [N4D0] [LteEnbNetDevice/LteHandoverAlgorithm/ConditionalHandoverAlgorithm/ChoDetailedEvent] Step6_7_PathSwitchAndCancelOthers UE-RNTI=1 | actor=Source-gNB action=PROCESS stage=PathSwitchAndChoCleanup startMs=39713 doneMs=39715 canceledTargetCount=1
50655ms [CHO-DETAIL] [N5D0] [LteEnbNetDevice/LteHandoverAlgorithm/ConditionalHandoverAlgorithm/ChoDetailedEvent] Step1_MR_TxByUe UE-RNTI=1 | actor=UE action=TX message=MeasurementReport to=Source-gNB measId=1 servingRsrp=95 rawNeighborResultCount=1
50656ms [CHO-DETAIL] [N5D0] [LteEnbNetDevice/LteHandoverAlgorithm/ConditionalHandoverAlgorithm/ChoDetailedEvent] Step1_MR_RxBySource UE-RNTI=1 | actor=Source-gNB action=RX message=MeasurementReport from=UE measId=1 servingRsrp=95 rawNeighborResultCount=1
50656ms [CHO-DETAIL] [N5D0] [LteEnbNetDevice/LteHandoverAlgorithm/ConditionalHandoverAlgorithm/ChoDetailedEvent] Step1_MR_ProcessedBySource UE-RNTI=1 | actor=Source-gNB action=PROCESS message=MeasurementReport measId=1 hysteresisDb=0
50656ms [CHO-DETAIL] [N5D0] [LteEnbNetDevice/LteHandoverAlgorithm/ConditionalHandoverAlgorithm/ChoDetailedEvent] Step1_CandidateEvaluation UE-RNTI=1 | Candidate accepted: cellId=3 targetRsrp=97 condition=(target > serving+hyst) true
50657ms [CHO-DETAIL] [N5D0] [LteEnbNetDevice/LteHandoverAlgorithm/ConditionalHandoverAlgorithm/ChoDetailedEvent] Step2_ChoDecisionCompleted UE-RNTI=1 | actor=Source-gNB action=PROCESS stage=ChoDecision decisionDoneAtMs=50657 decisionDurationMs=1 candidates=[{cellId=3,rsrp=97}] selectedTargetCellId=3
50657ms [CHO-DETAIL] [N5D0] [LteEnbNetDevice/LteHandoverAlgorithm/ConditionalHandoverAlgorithm/ChoDetailedEvent] Step2_HoReq_TxBySource UE-RNTI=1 | actor=Source-gNB action=TX message=HoPreparationRequest toCandidates=[{cellId=3,rsrp=97}] targetReceiveTimes=[{cellId=3,rxMs=50658}]
50658ms [CHO-DETAIL] [N5D0] [LteEnbNetDevice/LteHandoverAlgorithm/ConditionalHandoverAlgorithm/ChoDetailedEvent] Step2_HoReq_RxByTarget UE-RNTI=1 | actor=Target-gNB(cellId=3) action=RX message=HoPreparationRequest from=Source-gNB
50666ms [CHO-DETAIL] [N5D0] [LteEnbNetDevice/LteHandoverAlgorithm/ConditionalHandoverAlgorithm/ChoDetailedEvent] Step2_AdmissionProcessedByTarget UE-RNTI=1 | actor=Target-gNB(cellId=3) action=PROCESS stage=AdmissionControl startAtMs=50658 doneAtMs=50666
50666ms [CHO-DETAIL] [N5D0] [LteEnbNetDevice/LteHandoverAlgorithm/ConditionalHandoverAlgorithm/ChoDetailedEvent] Step2_HoAck_TxByTarget UE-RNTI=1 | actor=Target-gNB(cellId=3) action=TX message=HoPreparationAck to=Source-gNB
50667ms [CHO-DETAIL] [N5D0] [LteEnbNetDevice/LteHandoverAlgorithm/ConditionalHandoverAlgorithm/ChoDetailedEvent] Step2_AdmissionControlAndAck UE-RNTI=1 | actor=Source-gNB action=RX message=HoPreparationAck(allCandidates) allAckReceivedAtMs=50667ms perTargetAckTimeline=[{cellId=3,hoReqRxMs=50658,admissionDoneMs=50666,ackTxMs=50666,ackRxMs=50667}]
50667ms [CHO-DETAIL] [N5D0] [LteEnbNetDevice/LteHandoverAlgorithm/ConditionalHandoverAlgorithm/ChoDetailedEvent] Step3_RrcReconfigCho_TxBySource UE-RNTI=1 | actor=Source-gNB action=TX message=RrcReconfiguration(CHO) to=UE payloadCandidates=[{cellId=3,rsrp=97}] selectedTargetCellId=3
50669ms [CHO-DETAIL] [N5D0] [LteEnbNetDevice/LteHandoverAlgorithm/ConditionalHandoverAlgorithm/ChoDetailedEvent] Step3_RrcReconfigCho_RxByUe UE-RNTI=1 | actor=UE action=RX message=RrcReconfiguration(CHO) from=Source-gNB selectedTargetCellId=3
50669ms [CHO-DETAIL] [N5D0] [LteEnbNetDevice/LteHandoverAlgorithm/ConditionalHandoverAlgorithm/ChoDetailedEvent] Step3_RrcReconfigCho_ProcessedByUe UE-RNTI=1 | actor=UE action=PROCESS message=RrcReconfiguration(CHO)
50669ms [CHO-DETAIL] [N5D0] [LteEnbNetDevice/LteHandoverAlgorithm/ConditionalHandoverAlgorithm/ChoDetailedEvent] Step3_UeReceivedChoCommand UE-RNTI=1 | actor=UE action=STORE choContextAtMs=50669 candidates=[{cellId=3,rsrp=97}] executionMonitoring=STARTED
51679ms [CHO-DETAIL] [N5D0] [LteEnbNetDevice/LteHandoverAlgorithm/ConditionalHandoverAlgorithm/ChoDetailedEvent] Step1_MR_TxByUe UE-RNTI=1 | actor=UE action=TX message=MeasurementReport to=Source-gNB measId=1 servingRsrp=90 rawNeighborResultCount=2
51680ms [CHO-DETAIL] [N5D0] [LteEnbNetDevice/LteHandoverAlgorithm/ConditionalHandoverAlgorithm/ChoDetailedEvent] Step1_MR_RxBySource UE-RNTI=1 | actor=Source-gNB action=RX message=MeasurementReport from=UE measId=1 servingRsrp=90 rawNeighborResultCount=2
51680ms [CHO-DETAIL] [N5D0] [LteEnbNetDevice/LteHandoverAlgorithm/ConditionalHandoverAlgorithm/ChoDetailedEvent] Step1_MR_ProcessedBySource UE-RNTI=1 | actor=Source-gNB action=PROCESS message=MeasurementReport measId=1 hysteresisDb=0
51680ms [CHO-DETAIL] [N5D0] [LteEnbNetDevice/LteHandoverAlgorithm/ConditionalHandoverAlgorithm/ChoDetailedEvent] Step1_CandidateEvaluation UE-RNTI=1 | Candidate accepted: cellId=3 targetRsrp=97 condition=(target > serving+hyst) true
51680ms [CHO-DETAIL] [N5D0] [LteEnbNetDevice/LteHandoverAlgorithm/ConditionalHandoverAlgorithm/ChoDetailedEvent] Step1_CandidateEvaluation UE-RNTI=1 | Candidate accepted: cellId=4 targetRsrp=92 condition=(target > serving+hyst) true
51680ms [CHO-DETAIL] [N5D0] [LteEnbNetDevice/LteHandoverAlgorithm/ConditionalHandoverAlgorithm/ChoDetailedEvent] Step3_ExecutionMonitoring UE-RNTI=1 | actor=UE action=PROCESS stage=ExecutionMonitoring bestTargetCellId=3 bestTargetRsrp=97 servingRsrp=90 hysteresisDb=0 condition=(bestTarget > serving+hyst)=true
51680ms [CHO-DETAIL] [N5D0] [LteEnbNetDevice/LteHandoverAlgorithm/ConditionalHandoverAlgorithm/ChoDetailedEvent] Step4_UeSelectionDecision UE-RNTI=1 | actor=UE action=PROCESS stage=ChoExecutionCondition conditionMetAtMs=51680 selectedTargetCellId=3 selectedTargetRsrp=97 servingRsrp=90 candidates=[{cellId=3,rsrp=97}]
51680ms [CHO-DETAIL] [N5D0] [LteEnbNetDevice/LteHandoverAlgorithm/ConditionalHandoverAlgorithm/ChoDetailedEvent] Step5_DetachServingCell UE-RNTI=1 | actor=UE action=DETACH from=ServingCell atMs=51680
51680ms [CHO-DETAIL] [N5D0] [LteEnbNetDevice/LteHandoverAlgorithm/ConditionalHandoverAlgorithm/ChoDetailedEvent] Step5_RA_Msg1Preamble_TxByUe UE-RNTI=1 | actor=UE action=TX message=RA-Msg1(Preamble) to=Target-gNB(cellId=3)
51681ms [CHO-DETAIL] [N5D0] [LteEnbNetDevice/LteHandoverAlgorithm/ConditionalHandoverAlgorithm/ChoDetailedEvent] Step5_RA_Msg1Preamble_RxByTarget UE-RNTI=1 | actor=Target-gNB(cellId=3) action=RX message=RA-Msg1(Preamble)
51682ms [CHO-DETAIL] [N5D0] [LteEnbNetDevice/LteHandoverAlgorithm/ConditionalHandoverAlgorithm/ChoDetailedEvent] Step5_RA_Msg2RAR_TxByTarget UE-RNTI=1 | actor=Target-gNB(cellId=3) action=TX message=RA-Msg2(RAR) to=UE
51683ms [CHO-DETAIL] [N5D0] [LteEnbNetDevice/LteHandoverAlgorithm/ConditionalHandoverAlgorithm/ChoDetailedEvent] Step5_RA_Msg2RAR_RxByUe UE-RNTI=1 | actor=UE action=RX message=RA-Msg2(RAR) from=Target-gNB(cellId=3)
51684ms [CHO-DETAIL] [N5D0] [LteEnbNetDevice/LteHandoverAlgorithm/ConditionalHandoverAlgorithm/ChoDetailedEvent] Step5_RA_Msg3Req_TxByUe UE-RNTI=1 | actor=UE action=TX message=RA-Msg3(Request) to=Target-gNB(cellId=3)
51685ms [CHO-DETAIL] [N5D0] [LteEnbNetDevice/LteHandoverAlgorithm/ConditionalHandoverAlgorithm/ChoDetailedEvent] Step5_RA_Msg3Req_RxByTarget UE-RNTI=1 | actor=Target-gNB(cellId=3) action=RX message=RA-Msg3(Request)
51686ms [CHO-DETAIL] [N5D0] [LteEnbNetDevice/LteHandoverAlgorithm/ConditionalHandoverAlgorithm/ChoDetailedEvent] Step5_RA_Msg4ContRes_TxByTarget UE-RNTI=1 | actor=Target-gNB(cellId=3) action=TX message=RA-Msg4(ContentionResolution) to=UE
51687ms [CHO-DETAIL] [N5D0] [LteEnbNetDevice/LteHandoverAlgorithm/ConditionalHandoverAlgorithm/ChoDetailedEvent] Step5_RA_Msg4ContRes_RxByUe UE-RNTI=1 | actor=UE action=RX message=RA-Msg4(ContentionResolution) from=Target-gNB(cellId=3)
51688ms [CHO-DETAIL] [N5D0] [LteEnbNetDevice/LteHandoverAlgorithm/ConditionalHandoverAlgorithm/ChoDetailedEvent] Step5_RA_RrcReconfigComplete_TxByUe UE-RNTI=1 | actor=UE action=TX message=RrcReconfigurationComplete to=Target-gNB(cellId=3)
51689ms [CHO-DETAIL] [N5D0] [LteEnbNetDevice/LteHandoverAlgorithm/ConditionalHandoverAlgorithm/ChoDetailedEvent] Step5_RA_RrcReconfigComplete_RxByTarget UE-RNTI=1 | actor=Target-gNB(cellId=3) action=RX message=RrcReconfigurationComplete
51680ms [CHO-DETAIL] [N5D0] [LteEnbNetDevice/LteHandoverAlgorithm/ConditionalHandoverAlgorithm/ChoDetailedEvent] Step5_RandomAccessStart UE-RNTI=1 | actor=UE action=PROCESS stage=RandomAccessTimeline startMs=51680 completeMs=51689
51689ms [CHO-DETAIL] [N5D0] [LteEnbNetDevice/LteHandoverAlgorithm/ConditionalHandoverAlgorithm/ChoDetailedEvent] Step5_RandomAccessComplete UE-RNTI=1 | actor=Target-gNB action=PROCESS message=RrcReconfigurationComplete result=RandomAccessCompleted atMs=51689
51689ms [CHO-DETAIL] [N5D0] [LteEnbNetDevice/LteHandoverAlgorithm/ConditionalHandoverAlgorithm/ChoDetailedEvent] Step6_7_PathSwitchAndCancelOthers UE-RNTI=1 | actor=Source-gNB action=PROCESS stage=PathSwitchAndChoCleanup startMs=51689 doneMs=51691 canceledTargetCount=0
52655ms [CHO-DETAIL] [N6D0] [LteEnbNetDevice/LteHandoverAlgorithm/ConditionalHandoverAlgorithm/ChoDetailedEvent] Step1_MR_TxByUe UE-RNTI=1 | actor=UE action=TX message=MeasurementReport to=Source-gNB measId=1 servingRsrp=95 rawNeighborResultCount=1
52656ms [CHO-DETAIL] [N6D0] [LteEnbNetDevice/LteHandoverAlgorithm/ConditionalHandoverAlgorithm/ChoDetailedEvent] Step1_MR_RxBySource UE-RNTI=1 | actor=Source-gNB action=RX message=MeasurementReport from=UE measId=1 servingRsrp=95 rawNeighborResultCount=1
52656ms [CHO-DETAIL] [N6D0] [LteEnbNetDevice/LteHandoverAlgorithm/ConditionalHandoverAlgorithm/ChoDetailedEvent] Step1_MR_ProcessedBySource UE-RNTI=1 | actor=Source-gNB action=PROCESS message=MeasurementReport measId=1 hysteresisDb=0
52656ms [CHO-DETAIL] [N6D0] [LteEnbNetDevice/LteHandoverAlgorithm/ConditionalHandoverAlgorithm/ChoDetailedEvent] Step1_CandidateEvaluation UE-RNTI=1 | Candidate accepted: cellId=4 targetRsrp=97 condition=(target > serving+hyst) true
52657ms [CHO-DETAIL] [N6D0] [LteEnbNetDevice/LteHandoverAlgorithm/ConditionalHandoverAlgorithm/ChoDetailedEvent] Step2_ChoDecisionCompleted UE-RNTI=1 | actor=Source-gNB action=PROCESS stage=ChoDecision decisionDoneAtMs=52657 decisionDurationMs=1 candidates=[{cellId=4,rsrp=97}] selectedTargetCellId=4
52657ms [CHO-DETAIL] [N6D0] [LteEnbNetDevice/LteHandoverAlgorithm/ConditionalHandoverAlgorithm/ChoDetailedEvent] Step2_HoReq_TxBySource UE-RNTI=1 | actor=Source-gNB action=TX message=HoPreparationRequest toCandidates=[{cellId=4,rsrp=97}] targetReceiveTimes=[{cellId=4,rxMs=52658}]
52658ms [CHO-DETAIL] [N6D0] [LteEnbNetDevice/LteHandoverAlgorithm/ConditionalHandoverAlgorithm/ChoDetailedEvent] Step2_HoReq_RxByTarget UE-RNTI=1 | actor=Target-gNB(cellId=4) action=RX message=HoPreparationRequest from=Source-gNB
52666ms [CHO-DETAIL] [N6D0] [LteEnbNetDevice/LteHandoverAlgorithm/ConditionalHandoverAlgorithm/ChoDetailedEvent] Step2_AdmissionProcessedByTarget UE-RNTI=1 | actor=Target-gNB(cellId=4) action=PROCESS stage=AdmissionControl startAtMs=52658 doneAtMs=52666
52666ms [CHO-DETAIL] [N6D0] [LteEnbNetDevice/LteHandoverAlgorithm/ConditionalHandoverAlgorithm/ChoDetailedEvent] Step2_HoAck_TxByTarget UE-RNTI=1 | actor=Target-gNB(cellId=4) action=TX message=HoPreparationAck to=Source-gNB
52667ms [CHO-DETAIL] [N6D0] [LteEnbNetDevice/LteHandoverAlgorithm/ConditionalHandoverAlgorithm/ChoDetailedEvent] Step2_AdmissionControlAndAck UE-RNTI=1 | actor=Source-gNB action=RX message=HoPreparationAck(allCandidates) allAckReceivedAtMs=52667ms perTargetAckTimeline=[{cellId=4,hoReqRxMs=52658,admissionDoneMs=52666,ackTxMs=52666,ackRxMs=52667}]
52667ms [CHO-DETAIL] [N6D0] [LteEnbNetDevice/LteHandoverAlgorithm/ConditionalHandoverAlgorithm/ChoDetailedEvent] Step3_RrcReconfigCho_TxBySource UE-RNTI=1 | actor=Source-gNB action=TX message=RrcReconfiguration(CHO) to=UE payloadCandidates=[{cellId=4,rsrp=97}] selectedTargetCellId=4
52669ms [CHO-DETAIL] [N6D0] [LteEnbNetDevice/LteHandoverAlgorithm/ConditionalHandoverAlgorithm/ChoDetailedEvent] Step3_RrcReconfigCho_RxByUe UE-RNTI=1 | actor=UE action=RX message=RrcReconfiguration(CHO) from=Source-gNB selectedTargetCellId=4
52669ms [CHO-DETAIL] [N6D0] [LteEnbNetDevice/LteHandoverAlgorithm/ConditionalHandoverAlgorithm/ChoDetailedEvent] Step3_RrcReconfigCho_ProcessedByUe UE-RNTI=1 | actor=UE action=PROCESS message=RrcReconfiguration(CHO)
52669ms [CHO-DETAIL] [N6D0] [LteEnbNetDevice/LteHandoverAlgorithm/ConditionalHandoverAlgorithm/ChoDetailedEvent] Step3_UeReceivedChoCommand UE-RNTI=1 | actor=UE action=STORE choContextAtMs=52669 candidates=[{cellId=4,rsrp=97}] executionMonitoring=STARTED
53679ms [CHO-DETAIL] [N6D0] [LteEnbNetDevice/LteHandoverAlgorithm/ConditionalHandoverAlgorithm/ChoDetailedEvent] Step1_MR_TxByUe UE-RNTI=1 | actor=UE action=TX message=MeasurementReport to=Source-gNB measId=1 servingRsrp=90 rawNeighborResultCount=1
53680ms [CHO-DETAIL] [N6D0] [LteEnbNetDevice/LteHandoverAlgorithm/ConditionalHandoverAlgorithm/ChoDetailedEvent] Step1_MR_RxBySource UE-RNTI=1 | actor=Source-gNB action=RX message=MeasurementReport from=UE measId=1 servingRsrp=90 rawNeighborResultCount=1
53680ms [CHO-DETAIL] [N6D0] [LteEnbNetDevice/LteHandoverAlgorithm/ConditionalHandoverAlgorithm/ChoDetailedEvent] Step1_MR_ProcessedBySource UE-RNTI=1 | actor=Source-gNB action=PROCESS message=MeasurementReport measId=1 hysteresisDb=0
53680ms [CHO-DETAIL] [N6D0] [LteEnbNetDevice/LteHandoverAlgorithm/ConditionalHandoverAlgorithm/ChoDetailedEvent] Step1_CandidateEvaluation UE-RNTI=1 | Candidate accepted: cellId=4 targetRsrp=97 condition=(target > serving+hyst) true
53680ms [CHO-DETAIL] [N6D0] [LteEnbNetDevice/LteHandoverAlgorithm/ConditionalHandoverAlgorithm/ChoDetailedEvent] Step3_ExecutionMonitoring UE-RNTI=1 | actor=UE action=PROCESS stage=ExecutionMonitoring bestTargetCellId=4 bestTargetRsrp=97 servingRsrp=90 hysteresisDb=0 condition=(bestTarget > serving+hyst)=true
53680ms [CHO-DETAIL] [N6D0] [LteEnbNetDevice/LteHandoverAlgorithm/ConditionalHandoverAlgorithm/ChoDetailedEvent] Step4_UeSelectionDecision UE-RNTI=1 | actor=UE action=PROCESS stage=ChoExecutionCondition conditionMetAtMs=53680 selectedTargetCellId=4 selectedTargetRsrp=97 servingRsrp=90 candidates=[{cellId=4,rsrp=97}]
53680ms [CHO-DETAIL] [N6D0] [LteEnbNetDevice/LteHandoverAlgorithm/ConditionalHandoverAlgorithm/ChoDetailedEvent] Step5_DetachServingCell UE-RNTI=1 | actor=UE action=DETACH from=ServingCell atMs=53680
53680ms [CHO-DETAIL] [N6D0] [LteEnbNetDevice/LteHandoverAlgorithm/ConditionalHandoverAlgorithm/ChoDetailedEvent] Step5_RA_Msg1Preamble_TxByUe UE-RNTI=1 | actor=UE action=TX message=RA-Msg1(Preamble) to=Target-gNB(cellId=4)
53681ms [CHO-DETAIL] [N6D0] [LteEnbNetDevice/LteHandoverAlgorithm/ConditionalHandoverAlgorithm/ChoDetailedEvent] Step5_RA_Msg1Preamble_RxByTarget UE-RNTI=1 | actor=Target-gNB(cellId=4) action=RX message=RA-Msg1(Preamble)
53682ms [CHO-DETAIL] [N6D0] [LteEnbNetDevice/LteHandoverAlgorithm/ConditionalHandoverAlgorithm/ChoDetailedEvent] Step5_RA_Msg2RAR_TxByTarget UE-RNTI=1 | actor=Target-gNB(cellId=4) action=TX message=RA-Msg2(RAR) to=UE
53683ms [CHO-DETAIL] [N6D0] [LteEnbNetDevice/LteHandoverAlgorithm/ConditionalHandoverAlgorithm/ChoDetailedEvent] Step5_RA_Msg2RAR_RxByUe UE-RNTI=1 | actor=UE action=RX message=RA-Msg2(RAR) from=Target-gNB(cellId=4)
53684ms [CHO-DETAIL] [N6D0] [LteEnbNetDevice/LteHandoverAlgorithm/ConditionalHandoverAlgorithm/ChoDetailedEvent] Step5_RA_Msg3Req_TxByUe UE-RNTI=1 | actor=UE action=TX message=RA-Msg3(Request) to=Target-gNB(cellId=4)
53685ms [CHO-DETAIL] [N6D0] [LteEnbNetDevice/LteHandoverAlgorithm/ConditionalHandoverAlgorithm/ChoDetailedEvent] Step5_RA_Msg3Req_RxByTarget UE-RNTI=1 | actor=Target-gNB(cellId=4) action=RX message=RA-Msg3(Request)
53686ms [CHO-DETAIL] [N6D0] [LteEnbNetDevice/LteHandoverAlgorithm/ConditionalHandoverAlgorithm/ChoDetailedEvent] Step5_RA_Msg4ContRes_TxByTarget UE-RNTI=1 | actor=Target-gNB(cellId=4) action=TX message=RA-Msg4(ContentionResolution) to=UE
53687ms [CHO-DETAIL] [N6D0] [LteEnbNetDevice/LteHandoverAlgorithm/ConditionalHandoverAlgorithm/ChoDetailedEvent] Step5_RA_Msg4ContRes_RxByUe UE-RNTI=1 | actor=UE action=RX message=RA-Msg4(ContentionResolution) from=Target-gNB(cellId=4)
53688ms [CHO-DETAIL] [N6D0] [LteEnbNetDevice/LteHandoverAlgorithm/ConditionalHandoverAlgorithm/ChoDetailedEvent] Step5_RA_RrcReconfigComplete_TxByUe UE-RNTI=1 | actor=UE action=TX message=RrcReconfigurationComplete to=Target-gNB(cellId=4)
53689ms [CHO-DETAIL] [N6D0] [LteEnbNetDevice/LteHandoverAlgorithm/ConditionalHandoverAlgorithm/ChoDetailedEvent] Step5_RA_RrcReconfigComplete_RxByTarget UE-RNTI=1 | actor=Target-gNB(cellId=4) action=RX message=RrcReconfigurationComplete
53680ms [CHO-DETAIL] [N6D0] [LteEnbNetDevice/LteHandoverAlgorithm/ConditionalHandoverAlgorithm/ChoDetailedEvent] Step5_RandomAccessStart UE-RNTI=1 | actor=UE action=PROCESS stage=RandomAccessTimeline startMs=53680 completeMs=53689
53689ms [CHO-DETAIL] [N6D0] [LteEnbNetDevice/LteHandoverAlgorithm/ConditionalHandoverAlgorithm/ChoDetailedEvent] Step5_RandomAccessComplete UE-RNTI=1 | actor=Target-gNB action=PROCESS message=RrcReconfigurationComplete result=RandomAccessCompleted atMs=53689
53689ms [CHO-DETAIL] [N6D0] [LteEnbNetDevice/LteHandoverAlgorithm/ConditionalHandoverAlgorithm/ChoDetailedEvent] Step6_7_PathSwitchAndCancelOthers UE-RNTI=1 | actor=Source-gNB action=PROCESS stage=PathSwitchAndChoCleanup startMs=53689 doneMs=53691 canceledTargetCount=0
64255ms [CHO-DETAIL] [N7D0] [LteEnbNetDevice/LteHandoverAlgorithm/ConditionalHandoverAlgorithm/ChoDetailedEvent] Step1_MR_TxByUe UE-RNTI=1 | actor=UE action=TX message=MeasurementReport to=Source-gNB measId=1 servingRsrp=76 rawNeighborResultCount=1
64256ms [CHO-DETAIL] [N7D0] [LteEnbNetDevice/LteHandoverAlgorithm/ConditionalHandoverAlgorithm/ChoDetailedEvent] Step1_MR_RxBySource UE-RNTI=1 | actor=Source-gNB action=RX message=MeasurementReport from=UE measId=1 servingRsrp=76 rawNeighborResultCount=1
64256ms [CHO-DETAIL] [N7D0] [LteEnbNetDevice/LteHandoverAlgorithm/ConditionalHandoverAlgorithm/ChoDetailedEvent] Step1_MR_ProcessedBySource UE-RNTI=1 | actor=Source-gNB action=PROCESS message=MeasurementReport measId=1 hysteresisDb=0
64256ms [CHO-DETAIL] [N7D0] [LteEnbNetDevice/LteHandoverAlgorithm/ConditionalHandoverAlgorithm/ChoDetailedEvent] Step1_CandidateEvaluation UE-RNTI=1 | Candidate accepted: cellId=5 targetRsrp=77 condition=(target > serving+hyst) true
64257ms [CHO-DETAIL] [N7D0] [LteEnbNetDevice/LteHandoverAlgorithm/ConditionalHandoverAlgorithm/ChoDetailedEvent] Step2_ChoDecisionCompleted UE-RNTI=1 | actor=Source-gNB action=PROCESS stage=ChoDecision decisionDoneAtMs=64257 decisionDurationMs=1 candidates=[{cellId=5,rsrp=77}] selectedTargetCellId=5
64257ms [CHO-DETAIL] [N7D0] [LteEnbNetDevice/LteHandoverAlgorithm/ConditionalHandoverAlgorithm/ChoDetailedEvent] Step2_HoReq_TxBySource UE-RNTI=1 | actor=Source-gNB action=TX message=HoPreparationRequest toCandidates=[{cellId=5,rsrp=77}] targetReceiveTimes=[{cellId=5,rxMs=64258}]
64258ms [CHO-DETAIL] [N7D0] [LteEnbNetDevice/LteHandoverAlgorithm/ConditionalHandoverAlgorithm/ChoDetailedEvent] Step2_HoReq_RxByTarget UE-RNTI=1 | actor=Target-gNB(cellId=5) action=RX message=HoPreparationRequest from=Source-gNB
64266ms [CHO-DETAIL] [N7D0] [LteEnbNetDevice/LteHandoverAlgorithm/ConditionalHandoverAlgorithm/ChoDetailedEvent] Step2_AdmissionProcessedByTarget UE-RNTI=1 | actor=Target-gNB(cellId=5) action=PROCESS stage=AdmissionControl startAtMs=64258 doneAtMs=64266
64266ms [CHO-DETAIL] [N7D0] [LteEnbNetDevice/LteHandoverAlgorithm/ConditionalHandoverAlgorithm/ChoDetailedEvent] Step2_HoAck_TxByTarget UE-RNTI=1 | actor=Target-gNB(cellId=5) action=TX message=HoPreparationAck to=Source-gNB
64267ms [CHO-DETAIL] [N7D0] [LteEnbNetDevice/LteHandoverAlgorithm/ConditionalHandoverAlgorithm/ChoDetailedEvent] Step2_AdmissionControlAndAck UE-RNTI=1 | actor=Source-gNB action=RX message=HoPreparationAck(allCandidates) allAckReceivedAtMs=64267ms perTargetAckTimeline=[{cellId=5,hoReqRxMs=64258,admissionDoneMs=64266,ackTxMs=64266,ackRxMs=64267}]
64267ms [CHO-DETAIL] [N7D0] [LteEnbNetDevice/LteHandoverAlgorithm/ConditionalHandoverAlgorithm/ChoDetailedEvent] Step3_RrcReconfigCho_TxBySource UE-RNTI=1 | actor=Source-gNB action=TX message=RrcReconfiguration(CHO) to=UE payloadCandidates=[{cellId=5,rsrp=77}] selectedTargetCellId=5
64269ms [CHO-DETAIL] [N7D0] [LteEnbNetDevice/LteHandoverAlgorithm/ConditionalHandoverAlgorithm/ChoDetailedEvent] Step3_RrcReconfigCho_RxByUe UE-RNTI=1 | actor=UE action=RX message=RrcReconfiguration(CHO) from=Source-gNB selectedTargetCellId=5
64269ms [CHO-DETAIL] [N7D0] [LteEnbNetDevice/LteHandoverAlgorithm/ConditionalHandoverAlgorithm/ChoDetailedEvent] Step3_RrcReconfigCho_ProcessedByUe UE-RNTI=1 | actor=UE action=PROCESS message=RrcReconfiguration(CHO)
64269ms [CHO-DETAIL] [N7D0] [LteEnbNetDevice/LteHandoverAlgorithm/ConditionalHandoverAlgorithm/ChoDetailedEvent] Step3_UeReceivedChoCommand UE-RNTI=1 | actor=UE action=STORE choContextAtMs=64269 candidates=[{cellId=5,rsrp=77}] executionMonitoring=STARTED
75655ms [CHO-DETAIL] [N8D0] [LteEnbNetDevice/LteHandoverAlgorithm/ConditionalHandoverAlgorithm/ChoDetailedEvent] Step1_MR_TxByUe UE-RNTI=1 | actor=UE action=TX message=MeasurementReport to=Source-gNB measId=1 servingRsrp=95 rawNeighborResultCount=1
75656ms [CHO-DETAIL] [N8D0] [LteEnbNetDevice/LteHandoverAlgorithm/ConditionalHandoverAlgorithm/ChoDetailedEvent] Step1_MR_RxBySource UE-RNTI=1 | actor=Source-gNB action=RX message=MeasurementReport from=UE measId=1 servingRsrp=95 rawNeighborResultCount=1
75656ms [CHO-DETAIL] [N8D0] [LteEnbNetDevice/LteHandoverAlgorithm/ConditionalHandoverAlgorithm/ChoDetailedEvent] Step1_MR_ProcessedBySource UE-RNTI=1 | actor=Source-gNB action=PROCESS message=MeasurementReport measId=1 hysteresisDb=0
75656ms [CHO-DETAIL] [N8D0] [LteEnbNetDevice/LteHandoverAlgorithm/ConditionalHandoverAlgorithm/ChoDetailedEvent] Step1_CandidateEvaluation UE-RNTI=1 | Candidate accepted: cellId=6 targetRsrp=97 condition=(target > serving+hyst) true
75657ms [CHO-DETAIL] [N8D0] [LteEnbNetDevice/LteHandoverAlgorithm/ConditionalHandoverAlgorithm/ChoDetailedEvent] Step2_ChoDecisionCompleted UE-RNTI=1 | actor=Source-gNB action=PROCESS stage=ChoDecision decisionDoneAtMs=75657 decisionDurationMs=1 candidates=[{cellId=6,rsrp=97}] selectedTargetCellId=6
75657ms [CHO-DETAIL] [N8D0] [LteEnbNetDevice/LteHandoverAlgorithm/ConditionalHandoverAlgorithm/ChoDetailedEvent] Step2_HoReq_TxBySource UE-RNTI=1 | actor=Source-gNB action=TX message=HoPreparationRequest toCandidates=[{cellId=6,rsrp=97}] targetReceiveTimes=[{cellId=6,rxMs=75658}]
75658ms [CHO-DETAIL] [N8D0] [LteEnbNetDevice/LteHandoverAlgorithm/ConditionalHandoverAlgorithm/ChoDetailedEvent] Step2_HoReq_RxByTarget UE-RNTI=1 | actor=Target-gNB(cellId=6) action=RX message=HoPreparationRequest from=Source-gNB
75666ms [CHO-DETAIL] [N8D0] [LteEnbNetDevice/LteHandoverAlgorithm/ConditionalHandoverAlgorithm/ChoDetailedEvent] Step2_AdmissionProcessedByTarget UE-RNTI=1 | actor=Target-gNB(cellId=6) action=PROCESS stage=AdmissionControl startAtMs=75658 doneAtMs=75666
75666ms [CHO-DETAIL] [N8D0] [LteEnbNetDevice/LteHandoverAlgorithm/ConditionalHandoverAlgorithm/ChoDetailedEvent] Step2_HoAck_TxByTarget UE-RNTI=1 | actor=Target-gNB(cellId=6) action=TX message=HoPreparationAck to=Source-gNB
75667ms [CHO-DETAIL] [N8D0] [LteEnbNetDevice/LteHandoverAlgorithm/ConditionalHandoverAlgorithm/ChoDetailedEvent] Step2_AdmissionControlAndAck UE-RNTI=1 | actor=Source-gNB action=RX message=HoPreparationAck(allCandidates) allAckReceivedAtMs=75667ms perTargetAckTimeline=[{cellId=6,hoReqRxMs=75658,admissionDoneMs=75666,ackTxMs=75666,ackRxMs=75667}]
75667ms [CHO-DETAIL] [N8D0] [LteEnbNetDevice/LteHandoverAlgorithm/ConditionalHandoverAlgorithm/ChoDetailedEvent] Step3_RrcReconfigCho_TxBySource UE-RNTI=1 | actor=Source-gNB action=TX message=RrcReconfiguration(CHO) to=UE payloadCandidates=[{cellId=6,rsrp=97}] selectedTargetCellId=6
75669ms [CHO-DETAIL] [N8D0] [LteEnbNetDevice/LteHandoverAlgorithm/ConditionalHandoverAlgorithm/ChoDetailedEvent] Step3_RrcReconfigCho_RxByUe UE-RNTI=1 | actor=UE action=RX message=RrcReconfiguration(CHO) from=Source-gNB selectedTargetCellId=6
75669ms [CHO-DETAIL] [N8D0] [LteEnbNetDevice/LteHandoverAlgorithm/ConditionalHandoverAlgorithm/ChoDetailedEvent] Step3_RrcReconfigCho_ProcessedByUe UE-RNTI=1 | actor=UE action=PROCESS message=RrcReconfiguration(CHO)
75669ms [CHO-DETAIL] [N8D0] [LteEnbNetDevice/LteHandoverAlgorithm/ConditionalHandoverAlgorithm/ChoDetailedEvent] Step3_UeReceivedChoCommand UE-RNTI=1 | actor=UE action=STORE choContextAtMs=75669 candidates=[{cellId=6,rsrp=97}] executionMonitoring=STARTED
76679ms [CHO-DETAIL] [N8D0] [LteEnbNetDevice/LteHandoverAlgorithm/ConditionalHandoverAlgorithm/ChoDetailedEvent] Step1_MR_TxByUe UE-RNTI=1 | actor=UE action=TX message=MeasurementReport to=Source-gNB measId=1 servingRsrp=90 rawNeighborResultCount=2
76680ms [CHO-DETAIL] [N8D0] [LteEnbNetDevice/LteHandoverAlgorithm/ConditionalHandoverAlgorithm/ChoDetailedEvent] Step1_MR_RxBySource UE-RNTI=1 | actor=Source-gNB action=RX message=MeasurementReport from=UE measId=1 servingRsrp=90 rawNeighborResultCount=2
76680ms [CHO-DETAIL] [N8D0] [LteEnbNetDevice/LteHandoverAlgorithm/ConditionalHandoverAlgorithm/ChoDetailedEvent] Step1_MR_ProcessedBySource UE-RNTI=1 | actor=Source-gNB action=PROCESS message=MeasurementReport measId=1 hysteresisDb=0
76680ms [CHO-DETAIL] [N8D0] [LteEnbNetDevice/LteHandoverAlgorithm/ConditionalHandoverAlgorithm/ChoDetailedEvent] Step1_CandidateEvaluation UE-RNTI=1 | Candidate accepted: cellId=6 targetRsrp=97 condition=(target > serving+hyst) true
76680ms [CHO-DETAIL] [N8D0] [LteEnbNetDevice/LteHandoverAlgorithm/ConditionalHandoverAlgorithm/ChoDetailedEvent] Step1_CandidateEvaluation UE-RNTI=1 | Candidate accepted: cellId=7 targetRsrp=92 condition=(target > serving+hyst) true
76680ms [CHO-DETAIL] [N8D0] [LteEnbNetDevice/LteHandoverAlgorithm/ConditionalHandoverAlgorithm/ChoDetailedEvent] Step3_ExecutionMonitoring UE-RNTI=1 | actor=UE action=PROCESS stage=ExecutionMonitoring bestTargetCellId=6 bestTargetRsrp=97 servingRsrp=90 hysteresisDb=0 condition=(bestTarget > serving+hyst)=true
76680ms [CHO-DETAIL] [N8D0] [LteEnbNetDevice/LteHandoverAlgorithm/ConditionalHandoverAlgorithm/ChoDetailedEvent] Step4_UeSelectionDecision UE-RNTI=1 | actor=UE action=PROCESS stage=ChoExecutionCondition conditionMetAtMs=76680 selectedTargetCellId=6 selectedTargetRsrp=97 servingRsrp=90 candidates=[{cellId=6,rsrp=97}]
76680ms [CHO-DETAIL] [N8D0] [LteEnbNetDevice/LteHandoverAlgorithm/ConditionalHandoverAlgorithm/ChoDetailedEvent] Step5_DetachServingCell UE-RNTI=1 | actor=UE action=DETACH from=ServingCell atMs=76680
76680ms [CHO-DETAIL] [N8D0] [LteEnbNetDevice/LteHandoverAlgorithm/ConditionalHandoverAlgorithm/ChoDetailedEvent] Step5_RA_Msg1Preamble_TxByUe UE-RNTI=1 | actor=UE action=TX message=RA-Msg1(Preamble) to=Target-gNB(cellId=6)
76681ms [CHO-DETAIL] [N8D0] [LteEnbNetDevice/LteHandoverAlgorithm/ConditionalHandoverAlgorithm/ChoDetailedEvent] Step5_RA_Msg1Preamble_RxByTarget UE-RNTI=1 | actor=Target-gNB(cellId=6) action=RX message=RA-Msg1(Preamble)
76682ms [CHO-DETAIL] [N8D0] [LteEnbNetDevice/LteHandoverAlgorithm/ConditionalHandoverAlgorithm/ChoDetailedEvent] Step5_RA_Msg2RAR_TxByTarget UE-RNTI=1 | actor=Target-gNB(cellId=6) action=TX message=RA-Msg2(RAR) to=UE
76683ms [CHO-DETAIL] [N8D0] [LteEnbNetDevice/LteHandoverAlgorithm/ConditionalHandoverAlgorithm/ChoDetailedEvent] Step5_RA_Msg2RAR_RxByUe UE-RNTI=1 | actor=UE action=RX message=RA-Msg2(RAR) from=Target-gNB(cellId=6)
76684ms [CHO-DETAIL] [N8D0] [LteEnbNetDevice/LteHandoverAlgorithm/ConditionalHandoverAlgorithm/ChoDetailedEvent] Step5_RA_Msg3Req_TxByUe UE-RNTI=1 | actor=UE action=TX message=RA-Msg3(Request) to=Target-gNB(cellId=6)
76685ms [CHO-DETAIL] [N8D0] [LteEnbNetDevice/LteHandoverAlgorithm/ConditionalHandoverAlgorithm/ChoDetailedEvent] Step5_RA_Msg3Req_RxByTarget UE-RNTI=1 | actor=Target-gNB(cellId=6) action=RX message=RA-Msg3(Request)
76686ms [CHO-DETAIL] [N8D0] [LteEnbNetDevice/LteHandoverAlgorithm/ConditionalHandoverAlgorithm/ChoDetailedEvent] Step5_RA_Msg4ContRes_TxByTarget UE-RNTI=1 | actor=Target-gNB(cellId=6) action=TX message=RA-Msg4(ContentionResolution) to=UE
76687ms [CHO-DETAIL] [N8D0] [LteEnbNetDevice/LteHandoverAlgorithm/ConditionalHandoverAlgorithm/ChoDetailedEvent] Step5_RA_Msg4ContRes_RxByUe UE-RNTI=1 | actor=UE action=RX message=RA-Msg4(ContentionResolution) from=Target-gNB(cellId=6)
76688ms [CHO-DETAIL] [N8D0] [LteEnbNetDevice/LteHandoverAlgorithm/ConditionalHandoverAlgorithm/ChoDetailedEvent] Step5_RA_RrcReconfigComplete_TxByUe UE-RNTI=1 | actor=UE action=TX message=RrcReconfigurationComplete to=Target-gNB(cellId=6)
76689ms [CHO-DETAIL] [N8D0] [LteEnbNetDevice/LteHandoverAlgorithm/ConditionalHandoverAlgorithm/ChoDetailedEvent] Step5_RA_RrcReconfigComplete_RxByTarget UE-RNTI=1 | actor=Target-gNB(cellId=6) action=RX message=RrcReconfigurationComplete
76680ms [CHO-DETAIL] [N8D0] [LteEnbNetDevice/LteHandoverAlgorithm/ConditionalHandoverAlgorithm/ChoDetailedEvent] Step5_RandomAccessStart UE-RNTI=1 | actor=UE action=PROCESS stage=RandomAccessTimeline startMs=76680 completeMs=76689
76689ms [CHO-DETAIL] [N8D0] [LteEnbNetDevice/LteHandoverAlgorithm/ConditionalHandoverAlgorithm/ChoDetailedEvent] Step5_RandomAccessComplete UE-RNTI=1 | actor=Target-gNB action=PROCESS message=RrcReconfigurationComplete result=RandomAccessCompleted atMs=76689
76689ms [CHO-DETAIL] [N8D0] [LteEnbNetDevice/LteHandoverAlgorithm/ConditionalHandoverAlgorithm/ChoDetailedEvent] Step6_7_PathSwitchAndCancelOthers UE-RNTI=1 | actor=Source-gNB action=PROCESS stage=PathSwitchAndChoCleanup startMs=76689 doneMs=76691 canceledTargetCount=0
77655ms [CHO-DETAIL] [N9D0] [LteEnbNetDevice/LteHandoverAlgorithm/ConditionalHandoverAlgorithm/ChoDetailedEvent] Step1_MR_TxByUe UE-RNTI=1 | actor=UE action=TX message=MeasurementReport to=Source-gNB measId=1 servingRsrp=95 rawNeighborResultCount=1
77656ms [CHO-DETAIL] [N9D0] [LteEnbNetDevice/LteHandoverAlgorithm/ConditionalHandoverAlgorithm/ChoDetailedEvent] Step1_MR_RxBySource UE-RNTI=1 | actor=Source-gNB action=RX message=MeasurementReport from=UE measId=1 servingRsrp=95 rawNeighborResultCount=1
77656ms [CHO-DETAIL] [N9D0] [LteEnbNetDevice/LteHandoverAlgorithm/ConditionalHandoverAlgorithm/ChoDetailedEvent] Step1_MR_ProcessedBySource UE-RNTI=1 | actor=Source-gNB action=PROCESS message=MeasurementReport measId=1 hysteresisDb=0
77656ms [CHO-DETAIL] [N9D0] [LteEnbNetDevice/LteHandoverAlgorithm/ConditionalHandoverAlgorithm/ChoDetailedEvent] Step1_CandidateEvaluation UE-RNTI=1 | Candidate accepted: cellId=7 targetRsrp=97 condition=(target > serving+hyst) true
77657ms [CHO-DETAIL] [N9D0] [LteEnbNetDevice/LteHandoverAlgorithm/ConditionalHandoverAlgorithm/ChoDetailedEvent] Step2_ChoDecisionCompleted UE-RNTI=1 | actor=Source-gNB action=PROCESS stage=ChoDecision decisionDoneAtMs=77657 decisionDurationMs=1 candidates=[{cellId=7,rsrp=97}] selectedTargetCellId=7
77657ms [CHO-DETAIL] [N9D0] [LteEnbNetDevice/LteHandoverAlgorithm/ConditionalHandoverAlgorithm/ChoDetailedEvent] Step2_HoReq_TxBySource UE-RNTI=1 | actor=Source-gNB action=TX message=HoPreparationRequest toCandidates=[{cellId=7,rsrp=97}] targetReceiveTimes=[{cellId=7,rxMs=77658}]
77658ms [CHO-DETAIL] [N9D0] [LteEnbNetDevice/LteHandoverAlgorithm/ConditionalHandoverAlgorithm/ChoDetailedEvent] Step2_HoReq_RxByTarget UE-RNTI=1 | actor=Target-gNB(cellId=7) action=RX message=HoPreparationRequest from=Source-gNB
77666ms [CHO-DETAIL] [N9D0] [LteEnbNetDevice/LteHandoverAlgorithm/ConditionalHandoverAlgorithm/ChoDetailedEvent] Step2_AdmissionProcessedByTarget UE-RNTI=1 | actor=Target-gNB(cellId=7) action=PROCESS stage=AdmissionControl startAtMs=77658 doneAtMs=77666
77666ms [CHO-DETAIL] [N9D0] [LteEnbNetDevice/LteHandoverAlgorithm/ConditionalHandoverAlgorithm/ChoDetailedEvent] Step2_HoAck_TxByTarget UE-RNTI=1 | actor=Target-gNB(cellId=7) action=TX message=HoPreparationAck to=Source-gNB
77667ms [CHO-DETAIL] [N9D0] [LteEnbNetDevice/LteHandoverAlgorithm/ConditionalHandoverAlgorithm/ChoDetailedEvent] Step2_AdmissionControlAndAck UE-RNTI=1 | actor=Source-gNB action=RX message=HoPreparationAck(allCandidates) allAckReceivedAtMs=77667ms perTargetAckTimeline=[{cellId=7,hoReqRxMs=77658,admissionDoneMs=77666,ackTxMs=77666,ackRxMs=77667}]
77667ms [CHO-DETAIL] [N9D0] [LteEnbNetDevice/LteHandoverAlgorithm/ConditionalHandoverAlgorithm/ChoDetailedEvent] Step3_RrcReconfigCho_TxBySource UE-RNTI=1 | actor=Source-gNB action=TX message=RrcReconfiguration(CHO) to=UE payloadCandidates=[{cellId=7,rsrp=97}] selectedTargetCellId=7
77669ms [CHO-DETAIL] [N9D0] [LteEnbNetDevice/LteHandoverAlgorithm/ConditionalHandoverAlgorithm/ChoDetailedEvent] Step3_RrcReconfigCho_RxByUe UE-RNTI=1 | actor=UE action=RX message=RrcReconfiguration(CHO) from=Source-gNB selectedTargetCellId=7
77669ms [CHO-DETAIL] [N9D0] [LteEnbNetDevice/LteHandoverAlgorithm/ConditionalHandoverAlgorithm/ChoDetailedEvent] Step3_RrcReconfigCho_ProcessedByUe UE-RNTI=1 | actor=UE action=PROCESS message=RrcReconfiguration(CHO)
77669ms [CHO-DETAIL] [N9D0] [LteEnbNetDevice/LteHandoverAlgorithm/ConditionalHandoverAlgorithm/ChoDetailedEvent] Step3_UeReceivedChoCommand UE-RNTI=1 | actor=UE action=STORE choContextAtMs=77669 candidates=[{cellId=7,rsrp=97}] executionMonitoring=STARTED
78679ms [CHO-DETAIL] [N9D0] [LteEnbNetDevice/LteHandoverAlgorithm/ConditionalHandoverAlgorithm/ChoDetailedEvent] Step1_MR_TxByUe UE-RNTI=1 | actor=UE action=TX message=MeasurementReport to=Source-gNB measId=1 servingRsrp=90 rawNeighborResultCount=1
78680ms [CHO-DETAIL] [N9D0] [LteEnbNetDevice/LteHandoverAlgorithm/ConditionalHandoverAlgorithm/ChoDetailedEvent] Step1_MR_RxBySource UE-RNTI=1 | actor=Source-gNB action=RX message=MeasurementReport from=UE measId=1 servingRsrp=90 rawNeighborResultCount=1
78680ms [CHO-DETAIL] [N9D0] [LteEnbNetDevice/LteHandoverAlgorithm/ConditionalHandoverAlgorithm/ChoDetailedEvent] Step1_MR_ProcessedBySource UE-RNTI=1 | actor=Source-gNB action=PROCESS message=MeasurementReport measId=1 hysteresisDb=0
78680ms [CHO-DETAIL] [N9D0] [LteEnbNetDevice/LteHandoverAlgorithm/ConditionalHandoverAlgorithm/ChoDetailedEvent] Step1_CandidateEvaluation UE-RNTI=1 | Candidate accepted: cellId=7 targetRsrp=97 condition=(target > serving+hyst) true
78680ms [CHO-DETAIL] [N9D0] [LteEnbNetDevice/LteHandoverAlgorithm/ConditionalHandoverAlgorithm/ChoDetailedEvent] Step3_ExecutionMonitoring UE-RNTI=1 | actor=UE action=PROCESS stage=ExecutionMonitoring bestTargetCellId=7 bestTargetRsrp=97 servingRsrp=90 hysteresisDb=0 condition=(bestTarget > serving+hyst)=true
78680ms [CHO-DETAIL] [N9D0] [LteEnbNetDevice/LteHandoverAlgorithm/ConditionalHandoverAlgorithm/ChoDetailedEvent] Step4_UeSelectionDecision UE-RNTI=1 | actor=UE action=PROCESS stage=ChoExecutionCondition conditionMetAtMs=78680 selectedTargetCellId=7 selectedTargetRsrp=97 servingRsrp=90 candidates=[{cellId=7,rsrp=97}]
78680ms [CHO-DETAIL] [N9D0] [LteEnbNetDevice/LteHandoverAlgorithm/ConditionalHandoverAlgorithm/ChoDetailedEvent] Step5_DetachServingCell UE-RNTI=1 | actor=UE action=DETACH from=ServingCell atMs=78680
78680ms [CHO-DETAIL] [N9D0] [LteEnbNetDevice/LteHandoverAlgorithm/ConditionalHandoverAlgorithm/ChoDetailedEvent] Step5_RA_Msg1Preamble_TxByUe UE-RNTI=1 | actor=UE action=TX message=RA-Msg1(Preamble) to=Target-gNB(cellId=7)
78681ms [CHO-DETAIL] [N9D0] [LteEnbNetDevice/LteHandoverAlgorithm/ConditionalHandoverAlgorithm/ChoDetailedEvent] Step5_RA_Msg1Preamble_RxByTarget UE-RNTI=1 | actor=Target-gNB(cellId=7) action=RX message=RA-Msg1(Preamble)
78682ms [CHO-DETAIL] [N9D0] [LteEnbNetDevice/LteHandoverAlgorithm/ConditionalHandoverAlgorithm/ChoDetailedEvent] Step5_RA_Msg2RAR_TxByTarget UE-RNTI=1 | actor=Target-gNB(cellId=7) action=TX message=RA-Msg2(RAR) to=UE
78683ms [CHO-DETAIL] [N9D0] [LteEnbNetDevice/LteHandoverAlgorithm/ConditionalHandoverAlgorithm/ChoDetailedEvent] Step5_RA_Msg2RAR_RxByUe UE-RNTI=1 | actor=UE action=RX message=RA-Msg2(RAR) from=Target-gNB(cellId=7)
78684ms [CHO-DETAIL] [N9D0] [LteEnbNetDevice/LteHandoverAlgorithm/ConditionalHandoverAlgorithm/ChoDetailedEvent] Step5_RA_Msg3Req_TxByUe UE-RNTI=1 | actor=UE action=TX message=RA-Msg3(Request) to=Target-gNB(cellId=7)
78685ms [CHO-DETAIL] [N9D0] [LteEnbNetDevice/LteHandoverAlgorithm/ConditionalHandoverAlgorithm/ChoDetailedEvent] Step5_RA_Msg3Req_RxByTarget UE-RNTI=1 | actor=Target-gNB(cellId=7) action=RX message=RA-Msg3(Request)
78686ms [CHO-DETAIL] [N9D0] [LteEnbNetDevice/LteHandoverAlgorithm/ConditionalHandoverAlgorithm/ChoDetailedEvent] Step5_RA_Msg4ContRes_TxByTarget UE-RNTI=1 | actor=Target-gNB(cellId=7) action=TX message=RA-Msg4(ContentionResolution) to=UE
78687ms [CHO-DETAIL] [N9D0] [LteEnbNetDevice/LteHandoverAlgorithm/ConditionalHandoverAlgorithm/ChoDetailedEvent] Step5_RA_Msg4ContRes_RxByUe UE-RNTI=1 | actor=UE action=RX message=RA-Msg4(ContentionResolution) from=Target-gNB(cellId=7)
78688ms [CHO-DETAIL] [N9D0] [LteEnbNetDevice/LteHandoverAlgorithm/ConditionalHandoverAlgorithm/ChoDetailedEvent] Step5_RA_RrcReconfigComplete_TxByUe UE-RNTI=1 | actor=UE action=TX message=RrcReconfigurationComplete to=Target-gNB(cellId=7)
78689ms [CHO-DETAIL] [N9D0] [LteEnbNetDevice/LteHandoverAlgorithm/ConditionalHandoverAlgorithm/ChoDetailedEvent] Step5_RA_RrcReconfigComplete_RxByTarget UE-RNTI=1 | actor=Target-gNB(cellId=7) action=RX message=RrcReconfigurationComplete
78680ms [CHO-DETAIL] [N9D0] [LteEnbNetDevice/LteHandoverAlgorithm/ConditionalHandoverAlgorithm/ChoDetailedEvent] Step5_RandomAccessStart UE-RNTI=1 | actor=UE action=PROCESS stage=RandomAccessTimeline startMs=78680 completeMs=78689
78689ms [CHO-DETAIL] [N9D0] [LteEnbNetDevice/LteHandoverAlgorithm/ConditionalHandoverAlgorithm/ChoDetailedEvent] Step5_RandomAccessComplete UE-RNTI=1 | actor=Target-gNB action=PROCESS message=RrcReconfigurationComplete result=RandomAccessCompleted atMs=78689
78689ms [CHO-DETAIL] [N9D0] [LteEnbNetDevice/LteHandoverAlgorithm/ConditionalHandoverAlgorithm/ChoDetailedEvent] Step6_7_PathSwitchAndCancelOthers UE-RNTI=1 | actor=Source-gNB action=PROCESS stage=PathSwitchAndChoCleanup startMs=78689 doneMs=78691 canceledTargetCount=0
